16:06:54 **** Incremental Build of configuration Debug for project stm32f4xx_drivers ****
make -j12 all 
arm-none-eabi-size  stm32f4xx_drivers.elf 
   text	   data	    bss	    dec	    hex	filename
   3792	     20	   1604	   5416	   1528	stm32f4xx_drivers.elf
Finished building: default.size.stdout
 
16:06:59 **** Incremental Build of configuration Debug for project stm32f4xx_drivers ****
make -j12 all 
arm-none-eabi-size  stm32f4xx_drivers.elf 
   text	   data	    bss	    dec	    hex	filename
   3792	     20	   1604	   5416	   1528	stm32f4xx_drivers.elf
Finished building: default.size.stdout
 
16:16:14 **** Incremental Build of configuration Debug for project stm32f4xx_drivers ****
make -j12 all 
arm-none-eabi-size  stm32f4xx_drivers.elf 
   text	   data	    bss	    dec	    hex	filename
   3792	     20	   1604	   5416	   1528	stm32f4xx_drivers.elf
Finished building: default.size.stdout
 
